// Jest Snapshot v1, https://goo.gl/fbAQLP

exports[`Pruebas AddCategory Mostrar correctamente 1`] = `
<form
  onSubmit={[Function]}
>
  <h2>
     
     
  </h2>
  <input
    onChange={[Function]}
    type="text"
    value=""
  />
</form>
`;
